This is pdfTeX, Version 3.141592653-2.6-1.40.28 (MiKTeX 25.12) (preloaded format=pdflatex 2026.9.16)  17 SEP 2026 11:37
entering extended mode
 restricted \write18 enabled.
 %&-line parsing enabled.
**./vvsi.tex
(vvsi.tex
LaTeX2e <2025-11-01>
L3 programming layer <2025-12-24>
(C:\Users\benga\AppData\Local\Programs\MiKTeX\tex/latex/base\article.cls
Document Class: article 2025/01/22 v1.4n Standard LaTeX document class
(C:\Users\benga\AppData\Local\Programs\MiKTeX\tex/latex/base\size12.clo
File: size12.clo 2025/01/22 v1.4n Standard LaTeX file (size option)
)
\c@part=\count275
\c@section=\count276
\c@subsection=\count277
\c@subsubsection=\count278
\c@paragraph=\count279
\c@subparagraph=\count280
\c@figure=\count281
\c@table=\count282
\abovecaptionskip=\skip49
\belowcaptionskip=\skip50
\bibindent=\dimen148
)
(C:\Users\benga\AppData\Local\Programs\MiKTeX\tex/latex/geometry\geometry.sty
Package: geometry 2026/03/07 v6.0 Page Geometry

(C:\Users\benga\AppData\Local\Programs\MiKTeX\tex/latex/graphics\keyval.sty
Package: keyval 2022/05/29 v1.15 key=value parser (DPC)
\KV@toks@=\toks17
)
(C:\Users\benga\AppData\Local\Programs\MiKTeX\tex/generic/iftex\ifvtex.sty
Package: ifvtex 2019/10/25 v1.7 ifvtex legacy package. Use iftex instead.

(C:\Users\benga\AppData\Local\Programs\MiKTeX\tex/generic/iftex\iftex.sty
Package: iftex 2024/12/12 v1.0g TeX engine tests
))
\Gm@cnth=\count283
\Gm@cntv=\count284
\c@Gm@tempcnt=\count285
\Gm@bindingoffset=\dimen149
\Gm@wd@mp=\dimen150
\Gm@odd@mp=\dimen151
\Gm@even@mp=\dimen152
\Gm@layoutwidth=\dimen153
\Gm@layoutheight=\dimen154
\Gm@layouthoffset=\dimen155
\Gm@layoutvoffset=\dimen156
\Gm@dimlist=\toks18

(C:\Users\benga\AppData\Local\Programs\MiKTeX\tex/latex/geometry\geometry.cfg))
(C:\Users\benga\AppData\Local\Programs\MiKTeX\tex/latex/amsmath\amsmath.sty
Package: amsmath 2025/07/09 v2.17z AMS math features
\@mathmargin=\skip51

For additional information on amsmath, use the `?' option.
(C:\Users\benga\AppData\Local\Programs\MiKTeX\tex/latex/amsmath\amstext.sty
Package: amstext 2024/11/17 v2.01 AMS text

(C:\Users\benga\AppData\Local\Programs\MiKTeX\tex/latex/amsmath\amsgen.sty
File: amsgen.sty 1999/11/30 v2.0 generic functions
\@emptytoks=\toks19
\ex@=\dimen157
))
(C:\Users\benga\AppData\Local\Programs\MiKTeX\tex/latex/amsmath\amsbsy.sty
Package: amsbsy 1999/11/29 v1.2d Bold Symbols
\pmbraise@=\dimen158
)
(C:\Users\benga\AppData\Local\Programs\MiKTeX\tex/latex/amsmath\amsopn.sty
Package: amsopn 2022/04/08 v2.04 operator names
)
\inf@bad=\count286
LaTeX Info: Redefining \frac on input line 233.
\uproot@=\count287
\leftroot@=\count288
LaTeX Info: Redefining \overline on input line 398.
LaTeX Info: Redefining \colon on input line 409.
\classnum@=\count289
\DOTSCASE@=\count290
LaTeX Info: Redefining \ldots on input line 495.
LaTeX Info: Redefining \dots on input line 498.
LaTeX Info: Redefining \cdots on input line 619.
\Mathstrutbox@=\box53
\strutbox@=\box54
LaTeX Info: Redefining \big on input line 721.
LaTeX Info: Redefining \Big on input line 722.
LaTeX Info: Redefining \bigg on input line 723.
LaTeX Info: Redefining \Bigg on input line 724.
\big@size=\dimen159
LaTeX Font Info:    Redeclaring font encoding OML on input line 742.
LaTeX Font Info:    Redeclaring font encoding OMS on input line 743.
\macc@depth=\count291
LaTeX Info: Redefining \bmod on input line 904.
LaTeX Info: Redefining \pmod on input line 909.
LaTeX Info: Redefining \smash on input line 939.
LaTeX Info: Redefining \relbar on input line 969.
LaTeX Info: Redefining \Relbar on input line 970.
\c@MaxMatrixCols=\count292
\dotsspace@=\muskip17
\c@parentequation=\count293
\dspbrk@lvl=\count294
\tag@help=\toks20
\row@=\count295
\column@=\count296
\maxfields@=\count297
\andhelp@=\toks21
\eqnshift@=\dimen160
\alignsep@=\dimen161
\tagshift@=\dimen162
\tagwidth@=\dimen163
\totwidth@=\dimen164
\lineht@=\dimen165
\@envbody=\toks22
\multlinegap=\skip52
\multlinetaggap=\skip53
\mathdisplay@stack=\toks23
LaTeX Info: Redefining \[ on input line 2950.
LaTeX Info: Redefining \] on input line 2951.
)
(C:\Users\benga\AppData\Local\Programs\MiKTeX\tex/latex/graphics\graphicx.sty
Package: graphicx 2024/12/31 v1.2e Enhanced LaTeX Graphics (DPC,SPQR)

(C:\Users\benga\AppData\Local\Programs\MiKTeX\tex/latex/graphics\graphics.sty
Package: graphics 2024/08/06 v1.4g Standard LaTeX Graphics (DPC,SPQR)

(C:\Users\benga\AppData\Local\Programs\MiKTeX\tex/latex/graphics\trig.sty
Package: trig 2023/12/02 v1.11 sin cos tan (DPC)
)
(C:\Users\benga\AppData\Local\Programs\MiKTeX\tex/latex/graphics-cfg\graphics.c
fg
File: graphics.cfg 2016/06/04 v1.11 sample graphics configuration
)
Package graphics Info: Driver file: pdftex.def on input line 106.

(C:\Users\benga\AppData\Local\Programs\MiKTeX\tex/latex/graphics-def\pdftex.def
File: pdftex.def 2025/09/29 v1.2d Graphics/color driver for pdftex
))
\Gin@req@height=\dimen166
\Gin@req@width=\dimen167
) (C:\Users\benga\AppData\Local\Programs\MiKTeX\tex/latex/xcolor\xcolor.sty
Package: xcolor 2024/09/29 v3.02 LaTeX color extensions (UK)

(C:\Users\benga\AppData\Local\Programs\MiKTeX\tex/latex/graphics-cfg\color.cfg
File: color.cfg 2016/01/02 v1.6 sample color configuration
)
Package xcolor Info: Driver file: pdftex.def on input line 274.
(C:\Users\benga\AppData\Local\Programs\MiKTeX\tex/latex/graphics\mathcolor.ltx)
Package xcolor Info: Model `cmy' substituted by `cmy0' on input line 1349.
Package xcolor Info: Model `hsb' substituted by `rgb' on input line 1353.
Package xcolor Info: Model `RGB' extended on input line 1365.
Package xcolor Info: Model `HTML' substituted by `rgb' on input line 1367.
Package xcolor Info: Model `Hsb' substituted by `hsb' on input line 1368.
Package xcolor Info: Model `tHsb' substituted by `hsb' on input line 1369.
Package xcolor Info: Model `HSB' substituted by `hsb' on input line 1370.
Package xcolor Info: Model `Gray' substituted by `gray' on input line 1371.
Package xcolor Info: Model `wave' substituted by `hsb' on input line 1372.
)
(C:\Users\benga\AppData\Local\Programs\MiKTeX\tex/latex/l3backend\l3backend-pdf
tex.def
File: l3backend-pdftex.def 2025-10-09 L3 backend support: PDF output (pdfTeX)
\l__color_backend_stack_int=\count298
) (vvsi.aux)
\openout1 = `vvsi.aux'.

LaTeX Font Info:    Checking defaults for OML/cmm/m/it on input line 12.
LaTeX Font Info:    ... okay on input line 12.
LaTeX Font Info:    Checking defaults for OMS/cmsy/m/n on input line 12.
LaTeX Font Info:    ... okay on input line 12.
LaTeX Font Info:    Checking defaults for OT1/cmr/m/n on input line 12.
LaTeX Font Info:    ... okay on input line 12.
LaTeX Font Info:    Checking defaults for T1/cmr/m/n on input line 12.
LaTeX Font Info:    ... okay on input line 12.
LaTeX Font Info:    Checking defaults for TS1/cmr/m/n on input line 12.
LaTeX Font Info:    ... okay on input line 12.
LaTeX Font Info:    Checking defaults for OMX/cmex/m/n on input line 12.
LaTeX Font Info:    ... okay on input line 12.
LaTeX Font Info:    Checking defaults for U/cmr/m/n on input line 12.
LaTeX Font Info:    ... okay on input line 12.

*geometry* driver: auto-detecting
*geometry* detected driver: pdftex
*geometry* verbose mode - [ preamble ] result:
* driver: pdftex
* paper: a4paper
* layout: <same size as paper>
* layoutoffset:(h,v)=(0.0pt,0.0pt)
* modes: 
* h-part:(L,W,R)=(71.13188pt, 455.24411pt, 71.13188pt)
* v-part:(T,H,B)=(71.13188pt, 702.78308pt, 71.13188pt)
* \paperwidth=597.50787pt
* \paperheight=845.04684pt
* \textwidth=455.24411pt
* \textheight=702.78308pt
* \oddsidemargin=-1.1381pt
* \evensidemargin=-1.1381pt
* \topmargin=-38.1381pt
* \headheight=12.0pt
* \headsep=25.0pt
* \topskip=12.0pt
* \footskip=30.0pt
* \marginparwidth=35.0pt
* \marginparsep=10.0pt
* \columnsep=10.0pt
* \skip\footins=10.8pt plus 4.0pt minus 2.0pt
* \hoffset=0.0pt
* \voffset=0.0pt
* \mag=1000
* \@twocolumnfalse
* \@twosidefalse
* \@mparswitchfalse
* \@reversemarginfalse
* (1in=72.27pt=25.4mm, 1cm=28.453pt)


(C:\Users\benga\AppData\Local\Programs\MiKTeX\tex/context/base/mkii\supp-pdf.mk
ii
[Loading MPS to PDF converter (version 2006.09.02).]
\scratchcounter=\count299
\scratchdimen=\dimen168
\scratchbox=\box55
\nofMPsegments=\count300
\nofMParguments=\count301
\everyMPshowfont=\toks24
\MPscratchCnt=\count302
\MPscratchDim=\dimen169
\MPnumerator=\count303
\makeMPintoPDFobject=\count304
\everyMPtoPDFconversion=\toks25
)
(C:\Users\benga\AppData\Local\Programs\MiKTeX\tex/latex/epstopdf-pkg\epstopdf-b
ase.sty
Package: epstopdf-base 2020-01-24 v2.11 Base part for package epstopdf
Package epstopdf-base Info: Redefining graphics rule for `.eps' on input line 4
85.

(C:\Users\benga\AppData\Local\Programs\MiKTeX\tex/latex/00miktex\epstopdf-sys.c
fg
File: epstopdf-sys.cfg 2021/03/18 v2.0 Configuration of epstopdf for MiKTeX
)) [1

{C:/Users/benga/AppData/Local/MiKTeX/fonts/map/pdftex/pdftex.map}]
[2] [3] [4] [5]
<../model/checkpoints/overnight_returns_by_split.png, id=32, 1004.19165pt x 859
.65166pt>
File: ../model/checkpoints/overnight_returns_by_split.png Graphic file (type pn
g)
<use ../model/checkpoints/overnight_returns_by_split.png>
Package pdftex.def Info: ../model/checkpoints/overnight_returns_by_split.png  u
sed on input line 327.
(pdftex.def)             Requested size: 455.24411pt x 389.71234pt.
 [6] [7 <../model/checkpoints/overnight_returns_by_split.png>]
<../model/checkpoints/returns_bs128_hs64_ws10_lr0.0001_epochs50_best/mse_evolut
ion.png, id=42, 571.29436pt x 353.03896pt>
File: ../model/checkpoints/returns_bs128_hs64_ws10_lr0.0001_epochs50_best/mse_e
volution.png Graphic file (type png)
<use ../model/checkpoints/returns_bs128_hs64_ws10_lr0.0001_epochs50_best/mse_ev
olution.png>
Package pdftex.def Info: ../model/checkpoints/returns_bs128_hs64_ws10_lr0.0001_
epochs50_best/mse_evolution.png  used on input line 342.
(pdftex.def)             Requested size: 409.71692pt x 253.19127pt.
<../model/checkpoints/returns_bs128_hs64_ws30_lr0.0001_epochs50_best/mse_evolut
ion.png, id=43, 571.29436pt x 353.03896pt>
File: ../model/checkpoints/returns_bs128_hs64_ws30_lr0.0001_epochs50_best/mse_e
volution.png Graphic file (type png)
<use ../model/checkpoints/returns_bs128_hs64_ws30_lr0.0001_epochs50_best/mse_ev
olution.png>
Package pdftex.def Info: ../model/checkpoints/returns_bs128_hs64_ws30_lr0.0001_
epochs50_best/mse_evolution.png  used on input line 349.
(pdftex.def)             Requested size: 409.71692pt x 253.19127pt.
<../model/checkpoints/returns_bs128_hs64_ws100_lr0.0001_epochs50_best/mse_evolu
tion.png, id=44, 571.29436pt x 353.03896pt>
File: ../model/checkpoints/returns_bs128_hs64_ws100_lr0.0001_epochs50_best/mse_
evolution.png Graphic file (type png)
<use ../model/checkpoints/returns_bs128_hs64_ws100_lr0.0001_epochs50_best/mse_e
volution.png>
Package pdftex.def Info: ../model/checkpoints/returns_bs128_hs64_ws100_lr0.0001
_epochs50_best/mse_evolution.png  used on input line 356.
(pdftex.def)             Requested size: 409.71692pt x 253.19127pt.

[8

 <../model/checkpoints/returns_bs128_hs64_ws10_lr0.0001_epochs50_best/mse_evolu
tion.png>] [9 <../model/checkpoints/returns_bs128_hs64_ws30_lr0.0001_epochs50_b
est/mse_evolution.png> <../model/checkpoints/returns_bs128_hs64_ws100_lr0.0001_
epochs50_best/mse_evolution.png>]
<../model/checkpoints/returns_bs128_hs64_ws10_lr0.0001_epochs50_best/test_r2_ce
ntral_99.png, id=54, 570.2103pt x 353.76164pt>
File: ../model/checkpoints/returns_bs128_hs64_ws10_lr0.0001_epochs50_best/test_
r2_central_99.png Graphic file (type png)
<use ../model/checkpoints/returns_bs128_hs64_ws10_lr0.0001_epochs50_best/test_r
2_central_99.png>
Package pdftex.def Info: ../model/checkpoints/returns_bs128_hs64_ws10_lr0.0001_
epochs50_best/test_r2_central_99.png  used on input line 373.
(pdftex.def)             Requested size: 409.71692pt x 254.19537pt.
<../model/checkpoints/returns_bs128_hs64_ws30_lr0.0001_epochs50_best/test_r2_ce
ntral_99.png, id=55, 570.57166pt x 353.76164pt>
File: ../model/checkpoints/returns_bs128_hs64_ws30_lr0.0001_epochs50_best/test_
r2_central_99.png Graphic file (type png)
<use ../model/checkpoints/returns_bs128_hs64_ws30_lr0.0001_epochs50_best/test_r
2_central_99.png>
Package pdftex.def Info: ../model/checkpoints/returns_bs128_hs64_ws30_lr0.0001_
epochs50_best/test_r2_central_99.png  used on input line 380.
(pdftex.def)             Requested size: 409.71692pt x 254.02803pt.
<../model/checkpoints/returns_bs128_hs64_ws100_lr0.0001_epochs50_best/test_r2_c
entral_99.png, id=56, 570.57166pt x 353.76164pt>
File: ../model/checkpoints/returns_bs128_hs64_ws100_lr0.0001_epochs50_best/test
_r2_central_99.png Graphic file (type png)
<use ../model/checkpoints/returns_bs128_hs64_ws100_lr0.0001_epochs50_best/test_
r2_central_99.png>
Package pdftex.def Info: ../model/checkpoints/returns_bs128_hs64_ws100_lr0.0001
_epochs50_best/test_r2_central_99.png  used on input line 387.
(pdftex.def)             Requested size: 409.71692pt x 254.02803pt.
 [10

 <../model/checkpoints/returns_bs128_hs64_ws10_lr0.0001_epochs50_best/test_r2_c
entral_99.png>] [11 <../model/checkpoints/returns_bs128_hs64_ws30_lr0.0001_epoc
hs50_best/test_r2_central_99.png> <../model/checkpoints/returns_bs128_hs64_ws10
0_lr0.0001_epochs50_best/test_r2_central_99.png>]
<../model/checkpoints/returns_bs128_hs64_ws10_lr0.0001_epochs50_best/test_best_
15_tickers.png, id=66, 1149.093pt x 534.0753pt>
File: ../model/checkpoints/returns_bs128_hs64_ws10_lr0.0001_epochs50_best/test_
best_15_tickers.png Graphic file (type png)
<use ../model/checkpoints/returns_bs128_hs64_ws10_lr0.0001_epochs50_best/test_b
est_15_tickers.png>
Package pdftex.def Info: ../model/checkpoints/returns_bs128_hs64_ws10_lr0.0001_
epochs50_best/test_best_15_tickers.png  used on input line 404.
(pdftex.def)             Requested size: 455.24411pt x 211.589pt.
<../model/checkpoints/returns_bs128_hs64_ws30_lr0.0001_epochs50_best/test_best_
15_tickers.png, id=67, 1149.093pt x 534.0753pt>
File: ../model/checkpoints/returns_bs128_hs64_ws30_lr0.0001_epochs50_best/test_
best_15_tickers.png Graphic file (type png)
<use ../model/checkpoints/returns_bs128_hs64_ws30_lr0.0001_epochs50_best/test_b
est_15_tickers.png>
Package pdftex.def Info: ../model/checkpoints/returns_bs128_hs64_ws30_lr0.0001_
epochs50_best/test_best_15_tickers.png  used on input line 411.
(pdftex.def)             Requested size: 455.24411pt x 211.589pt.
<../model/checkpoints/returns_bs128_hs64_ws100_lr0.0001_epochs50_best/test_best
_15_tickers.png, id=68, 1149.093pt x 534.0753pt>
File: ../model/checkpoints/returns_bs128_hs64_ws100_lr0.0001_epochs50_best/test
_best_15_tickers.png Graphic file (type png)
<use ../model/checkpoints/returns_bs128_hs64_ws100_lr0.0001_epochs50_best/test_
best_15_tickers.png>
Package pdftex.def Info: ../model/checkpoints/returns_bs128_hs64_ws100_lr0.0001
_epochs50_best/test_best_15_tickers.png  used on input line 418.
(pdftex.def)             Requested size: 455.24411pt x 211.589pt.
 [12

 <../model/checkpoints/returns_bs128_hs64_ws10_lr0.0001_epochs50_best/test_best
_15_tickers.png> <../model/checkpoints/returns_bs128_hs64_ws30_lr0.0001_epochs5
0_best/test_best_15_tickers.png>] [13 <../model/checkpoints/returns_bs128_hs64_
ws100_lr0.0001_epochs50_best/test_best_15_tickers.png>]
<../model/checkpoints/returns_bs128_hs64_ws10_lr0.0001_epochs50_best/test_best_
15_tickers_by_r2.png, id=79, 1149.093pt x 534.0753pt>
File: ../model/checkpoints/returns_bs128_hs64_ws10_lr0.0001_epochs50_best/test_
best_15_tickers_by_r2.png Graphic file (type png)
<use ../model/checkpoints/returns_bs128_hs64_ws10_lr0.0001_epochs50_best/test_b
est_15_tickers_by_r2.png>
Package pdftex.def Info: ../model/checkpoints/returns_bs128_hs64_ws10_lr0.0001_
epochs50_best/test_best_15_tickers_by_r2.png  used on input line 434.
(pdftex.def)             Requested size: 455.24411pt x 211.589pt.
<../model/checkpoints/returns_bs128_hs64_ws30_lr0.0001_epochs50_best/test_best_
15_tickers_by_r2.png, id=80, 1149.093pt x 534.0753pt>
File: ../model/checkpoints/returns_bs128_hs64_ws30_lr0.0001_epochs50_best/test_
best_15_tickers_by_r2.png Graphic file (type png)
<use ../model/checkpoints/returns_bs128_hs64_ws30_lr0.0001_epochs50_best/test_b
est_15_tickers_by_r2.png>
Package pdftex.def Info: ../model/checkpoints/returns_bs128_hs64_ws30_lr0.0001_
epochs50_best/test_best_15_tickers_by_r2.png  used on input line 441.
(pdftex.def)             Requested size: 455.24411pt x 211.589pt.
<../model/checkpoints/returns_bs128_hs64_ws100_lr0.0001_epochs50_best/test_best
_15_tickers_by_r2.png, id=81, 1149.093pt x 534.0753pt>
File: ../model/checkpoints/returns_bs128_hs64_ws100_lr0.0001_epochs50_best/test
_best_15_tickers_by_r2.png Graphic file (type png)
<use ../model/checkpoints/returns_bs128_hs64_ws100_lr0.0001_epochs50_best/test_
best_15_tickers_by_r2.png>
Package pdftex.def Info: ../model/checkpoints/returns_bs128_hs64_ws100_lr0.0001
_epochs50_best/test_best_15_tickers_by_r2.png  used on input line 448.
(pdftex.def)             Requested size: 455.24411pt x 211.589pt.
 [14

 <../model/checkpoints/returns_bs128_hs64_ws10_lr0.0001_epochs50_best/test_best
_15_tickers_by_r2.png> <../model/checkpoints/returns_bs128_hs64_ws30_lr0.0001_e
pochs50_best/test_best_15_tickers_by_r2.png>] [15 <../model/checkpoints/returns
_bs128_hs64_ws100_lr0.0001_epochs50_best/test_best_15_tickers_by_r2.png>]
<../model/checkpoints/top15_r2_ws10_return_histograms_by_split.png, id=91, 1148
.73164pt x 994.79655pt>
File: ../model/checkpoints/top15_r2_ws10_return_histograms_by_split.png Graphic
 file (type png)
<use ../model/checkpoints/top15_r2_ws10_return_histograms_by_split.png>
Package pdftex.def Info: ../model/checkpoints/top15_r2_ws10_return_histograms_b
y_split.png  used on input line 462.
(pdftex.def)             Requested size: 455.24411pt x 394.23817pt.
 [16

 <../model/checkpoints/top15_r2_ws10_return_histograms_by_split.png>]
(../model/checkpoints/returns_bs128_hs64_ws10_lr0.0001_epochs50_best/final_summ
ary.tex)
(../model/checkpoints/returns_bs128_hs64_ws30_lr0.0001_epochs50_best/final_summ
ary.tex)
(../model/checkpoints/returns_bs128_hs64_ws100_lr0.0001_epochs50_best/final_sum
mary.tex) (average_final_summary.tex) [17

] [18] [19

] (vvsi.aux)
 ***********
LaTeX2e <2025-11-01>
L3 programming layer <2025-12-24>
 ***********
 ) 
Here is how much of TeX's memory you used:
 3249 strings out of 467870
 59337 string characters out of 5418355
 476956 words of memory out of 5000000
 32106 multiletter control sequences out of 15000+600000
 636315 words of font info for 70 fonts, out of 8000000 for 9000
 1141 hyphenation exceptions out of 8191
 57i,9n,65p,360b,293s stack positions out of 10000i,1000n,20000p,200000b,200000s
 <C:\Users\benga\AppData\Local\MiKTeX\fonts/pk/ljfour/jknappen/ec/dpi600\tcrm
1200.pk><C:/Users/benga/AppData/Local/Programs/MiKTeX/fonts/type1/public/amsfon
ts/cm/cmbx10.pfb><C:/Users/benga/AppData/Local/Programs/MiKTeX/fonts/type1/publ
ic/amsfonts/cm/cmbx12.pfb><C:/Users/benga/AppData/Local/Programs/MiKTeX/fonts/t
ype1/public/amsfonts/cm/cmex10.pfb><C:/Users/benga/AppData/Local/Programs/MiKTe
X/fonts/type1/public/amsfonts/cm/cmmi10.pfb><C:/Users/benga/AppData/Local/Progr
ams/MiKTeX/fonts/type1/public/amsfonts/cm/cmmi12.pfb><C:/Users/benga/AppData/Lo
cal/Programs/MiKTeX/fonts/type1/public/amsfonts/cm/cmmi8.pfb><C:/Users/benga/Ap
pData/Local/Programs/MiKTeX/fonts/type1/public/amsfonts/cm/cmr10.pfb><C:/Users/
benga/AppData/Local/Programs/MiKTeX/fonts/type1/public/amsfonts/cm/cmr12.pfb><C
:/Users/benga/AppData/Local/Programs/MiKTeX/fonts/type1/public/amsfonts/cm/cmr1
7.pfb><C:/Users/benga/AppData/Local/Programs/MiKTeX/fonts/type1/public/amsfonts
/cm/cmr8.pfb><C:/Users/benga/AppData/Local/Programs/MiKTeX/fonts/type1/public/a
msfonts/cm/cmsy10.pfb><C:/Users/benga/AppData/Local/Programs/MiKTeX/fonts/type1
/public/amsfonts/cm/cmsy8.pfb><C:/Users/benga/AppData/Local/Programs/MiKTeX/fon
ts/type1/public/amsfonts/cm/cmti12.pfb><C:/Users/benga/AppData/Local/Programs/M
iKTeX/fonts/type1/public/amsfonts/cm/cmtt12.pfb>
Output written on vvsi.pdf (19 pages, 2937332 bytes).
PDF statistics:
 168 PDF objects out of 1000 (max. 8388607)
 0 named destinations out of 1000 (max. 500000)
 71 words of extra memory for PDF output out of 10000 (max. 10000000)

